UB: load at type PlaceType { ty: Bool, align: Align(Int(Small(1))) } but the data in memory violates the validity invariant
